Renesas Optimizing Linker (W3.04.00 )             23-Jan-2023 06:09:57

*** Options ***

-subcommand=DefaultBuild\XDA001_V7_Board.clnk
-Input=DefaultBuild\cstart.obj
-Input=DefaultBuild\stkinit.obj
-Input=DefaultBuild\r_cg_main.obj
-Input=DefaultBuild\r_cg_systeminit.obj
-Input=DefaultBuild\r_cg_cgc.obj
-Input=DefaultBuild\r_cg_cgc_user.obj
-Input=DefaultBuild\r_cg_port.obj
-Input=DefaultBuild\r_cg_port_user.obj
-Input=DefaultBuild\r_cg_pga_dsad.obj
-Input=DefaultBuild\r_cg_pga_dsad_user.obj
-Input=DefaultBuild\r_cg_it8bit.obj
-Input=DefaultBuild\r_cg_it8bit_user.obj
-Input=DefaultBuild\r_cg_amp.obj
-Input=DefaultBuild\r_cg_amp_user.obj
-Input=DefaultBuild\r_cg_dac.obj
-Input=DefaultBuild\r_cg_dac_user.obj
-LIBrary=FDL\CCRL_100\lib\pfdl.lib
-SECURITY_ID=00000000000000000000
-DEVICE=C:\Program Files (x86)\Renesas Electronics\CS+\CC\Device\RL78\Devicefile\DR5F11NGG.DVF
-DEBug
-NOCOmpress
-NOOPtimize
-OUtput=DefaultBuild\XDA001_V7_Board.abs
-LIBrary=C:\Program Files (x86)\Renesas Electronics\CS+\CC\CC-RL\V1.11.00\lib\rl78em4s.lib
-LIBrary=C:\Program Files (x86)\Renesas Electronics\CS+\CC\CC-RL\V1.11.00\lib\malloc_n.lib
-LIBrary=C:\Program Files (x86)\Renesas Electronics\CS+\CC\CC-RL\V1.11.00\lib\rl78em4r.lib
-OCDBG=84
-DEBUG_MONITOR=1FE00-1FFFF
-USER_OPT_BYTE=EFFFE9
-LISt=DefaultBuild\XDA001_V7_Board.map
-AUTO_SECTION_LAYOUT
-ROm=.data=.dataR
-ROm=.sdata=.sdataR
-NOMessage
-MEMory=High
-NOLOgo
-end

*** Error information ***

*** Mapping List ***

SECTION                            START      END         SIZE   ALIGN
.vect
                                  00000000  0000007f        80   0
.constf
                                  00000080  00000080         0   2
.sdata
                                  00000080  00000080         0   2
.data
                                  00000082  0000008c         b   2
.option_byte
                                  000000c0  000000c3         4   1
.security_id
                                  000000c4  000000cd         a   1
.SLIB
                                  000000c4  000000c4         0   1
.monitor1
                                  000000ce  000000d7         a   1
.text
                                  000000d8  000001f5       11e   1
.textf
                                  000001f6  000007e8       5f3   1
.RLIB
                                  000007e9  00000ca3       4bb   1
.const
                                  00002000  0000231f       320   2
.monitor2
                                  0001fe00  0001ffff       200   1
.bss
                                  000fe900  000fe91f        20   2
.dataR
                                  000fe920  000fe92a         b   2
.sbss
                                  000ffe20  000ffe20         0   2
.sdataR
                                  000ffe20  000ffe20         0   2
