Renesas Optimizing Linker (W3.04.00 )             01-Mar-2023 08:30:22

*** Options ***

-subcommand=DefaultBuild\XDA001_V7_Board.clnk
-Input=DefaultBuild\cstart.obj
-Input=DefaultBuild\stkinit.obj
-Input=DefaultBuild\r_cg_main.obj
-Input=DefaultBuild\r_cg_systeminit.obj
-Input=DefaultBuild\r_cg_cgc.obj
-Input=DefaultBuild\r_cg_cgc_user.obj
-Input=DefaultBuild\r_cg_port.obj
-Input=DefaultBuild\r_cg_port_user.obj
-Input=DefaultBuild\r_cg_pga_dsad.obj
-Input=DefaultBuild\r_cg_pga_dsad_user.obj
-Input=DefaultBuild\r_cg_it8bit.obj
-Input=DefaultBuild\r_cg_it8bit_user.obj
-Input=DefaultBuild\r_cg_amp.obj
-Input=DefaultBuild\r_cg_amp_user.obj
-Input=DefaultBuild\r_cg_dac.obj
-Input=DefaultBuild\r_cg_dac_user.obj
-Input=DefaultBuild\r_cg_adc.obj
-Input=DefaultBuild\r_cg_adc_user.obj
-Input=DefaultBuild\L_useful.obj
-Input=DefaultBuild\L_BAT.obj
-Input=DefaultBuild\r_cg_rtc.obj
-Input=DefaultBuild\r_cg_rtc_user.obj
-Input=DefaultBuild\L_PT100.obj
-Input=DefaultBuild\r_cg_sau.obj
-Input=DefaultBuild\r_cg_sau_user.obj
-Input=DefaultBuild\L_Lora.obj
-Input=DefaultBuild\r_cg_it.obj
-Input=DefaultBuild\r_cg_it_user.obj
-Input=DefaultBuild\r_cg_intp.obj
-Input=DefaultBuild\r_cg_intp_user.obj
-Input=DefaultBuild\L_BLE.obj
-Input=DefaultBuild\r_cg_dtc.obj
-Input=DefaultBuild\r_cg_dtc_user.obj
-LIBrary=FDL\CCRL_100\lib\pfdl.lib
-SECURITY_ID=00000000000000000000
-DEVICE=C:\Program Files (x86)\Renesas Electronics\CS+\CC\Device\RL78\Devicefile\DR5F11NGG.DVF
-DEBug
-NOCOmpress
-NOOPtimize
-OUtput=DefaultBuild\XDA001_V7_Board.abs
-LIBrary=C:\Program Files (x86)\Renesas Electronics\CS+\CC\CC-RL\V1.11.00\lib\rl78em4s.lib
-LIBrary=C:\Program Files (x86)\Renesas Electronics\CS+\CC\CC-RL\V1.11.00\lib\malloc_n.lib
-LIBrary=C:\Program Files (x86)\Renesas Electronics\CS+\CC\CC-RL\V1.11.00\lib\rl78em4r.lib
-OCDBG=84
-DEBUG_MONITOR=1FE00-1FFFF
-USER_OPT_BYTE=EFFFE9
-LISt=DefaultBuild\XDA001_V7_Board.map
-AUTO_SECTION_LAYOUT
-ROm=.data=.dataR
-ROm=.sdata=.sdataR
-NOMessage
-MEMory=High
-NOLOgo
-end

*** Error information ***

*** Mapping List ***

SECTION                            START      END         SIZE   ALIGN
.vect
                                  00000000  0000007f        80   0
.constf
                                  00000080  00000080         0   2
.sdata
                                  00000080  00000080         0   2
.option_byte
                                  000000c0  000000c3         4   1
.security_id
                                  000000c4  000000cd         a   1
.monitor1
                                  000000ce  000000d7         a   1
.data
                                  000000d8  00000d57       c80   2
.text
                                  00000d58  00001027       2d0   1
PFDL_COD
                                  00001028  000010b5        8e   2
.RLIB
                                  000010b6  00001652       59d   1
.SLIB
                                  00001653  00001671        1f   1
.const
                                  00002000  00002b35       b36   2
.textf
                                  00002b36  0000444a      1915   1
.monitor2
                                  0001fe00  0001ffff       200   1
.bss
                                  000fe900  000fe9e9        ea   2
.dataR
                                  000fe9ea  000ff669       c80   2
.bss_ATFFC00
                                  000ffc00  000ffc9f        a0   1
.bss_ATFFD00
                                  000ffd00  000ffd27        28   1
.bss_ATFFD90
                                  000ffd90  000ffd97         8   1
.sbss
                                  000ffe20  000ffe20         0   2
.sdataR
                                  000ffe20  000ffe20         0   2
